// Jest Snapshot v1, https://goo.gl/fbAQLP

exports[`test render routes correctly 1`] = `
<BrowserRouter>
  <div
    className="app"
  >
    <Switch>
      <Route
        component={[Function]}
        exact={true}
        path="/"
      />
      <Route
        component={[Function]}
        path="/dashboard"
      />
      <Route
        component={[Function]}
        path="/login"
      />
      <Route
        component={[Function]}
        path="/signup"
      />
      <Route
        component={[Function]}
        path="/reset"
      />
      <Route
        component={
          Object {
            "$$typeof": Symbol(react.memo),
            "WrappedComponent": [Function],
            "compare": null,
            "displayName": "Connect(Profile)",
            "type": [Function],
          }
        }
        path="/profile"
      />
    </Switch>
  </div>
</BrowserRouter>
`;
