// Jest Snapshot v1, https://goo.gl/fbAQLP

exports[`*************** Testing the Dashboard  component *************** Should render the dashboard page correctly 1`] = `
<div>
  <NavBar />
  <main
    style={
      Object {
        "height": "100vh",
      }
    }
  >
    <div
      className="sideMenu"
    >
      <div
        className="fixed-sidebar container center hide-on-med-and-down"
      >
        <_default />
      </div>
      <div
        className="show-on-med-and-down container center"
      >
        <mobileSidebar />
      </div>
    </div>
    <div
      className="mainContent"
    >
      <h1>
        DashBoard
      </h1>
    </div>
  </main>
  <SideInitializer />
  <_default />
</div>
`;
