// Jest Snapshot v1, https://goo.gl/fbAQLP

exports[`*************** Testing the Dashboard  component *************** Should render the dashboard page correctly 1`] = `
<div>
  <_default />
  <div
    className="onewayTripContainer"
  >
    <div
      className="fixed-sidebar container center hide-on-med-and-down"
    >
      <_default />
    </div>
    <div
      className="show-on-med-and-down container center"
    >
      <mobileSidebar />
    </div>
    <div
      className="content container center"
    >
      <h5>
        Welcome to your Dashboard
      </h5>
    </div>
  </div>
  <SideInitializer />
  <_default />
</div>
`;
