// Jest Snapshot v1, https://goo.gl/fbAQLP

exports[`should render the landing page correctly 1`] = `
<div>
  <div
    className="row"
  >
    <h1>
      BareFoot Nomad Welcomes You!!
    </h1>
    <a
      className="waves-effect waves-light btn"
      href="/login"
    >
      Login
    </a>
    <a
      className="waves-effect waves-light btn"
      href="/signup"
    >
      Signup
    </a>
  </div>
</div>
`;
