// Jest Snapshot v1, https://goo.gl/fbAQLP

exports[`*************** Testing the Request Fail  component *************** Should render the reset password page correctly 1`] = `
<div>
  <h5>
    REQUEST FAILED
  </h5>
  <p>
    We are sorry your request could not be processed now. Please wait for the problem to be fixed we are currently working on it.
  </p>
</div>
`;
