// Jest Snapshot v1, https://goo.gl/fbAQLP

exports[`************* Testing t resetpasword  component *************** Should render the reset password page correctly 1`] = `
<div
  className="main-reset"
>
  <div
    className="resetpasswordcontainer"
  >
    <div
      className="inner-reset-container"
    >
      <div
        className="txt-container"
      >
        <p
          className="p-reset-message"
        >
          Reset password
        </p>
        <input
          className="txt-input"
          id="password"
          onChange={[Function]}
          placeholder="Enter password"
          type="password"
          value="passwosjjsj"
        />
        <input
          className="txt-input"
          id="confirmpassword"
          onChange={[Function]}
          placeholder="Confirm password"
          type="password"
          value="passwosjjsj"
        />
        <div
          className="div-contaier"
        >
          <Link
            className="btn btn-cancel"
            to="/login"
          >
            Cancel
          </Link>
          <button
            className="btn waves-effect waves-light btn-send"
            onClick={[Function]}
          >
            Reset password
          </button>
        </div>
      </div>
    </div>
  </div>
</div>
`;
