// Jest Snapshot v1, https://goo.gl/fbAQLP

exports[`*************** Testing the Send resetpasword email link  component *************** Should render the reset password page correctly 1`] = `
<div
  className="main-reset"
>
  <div
    className="resetpasswordcontainer"
  >
    <div
      className="inner-reset-container"
    >
      <div
        className="txt-container"
      >
        <p
          className="p-reset-message"
        >
          Forgot password
        </p>
        <input
          className="txt-input"
          id="email"
          onChange={[Function]}
          placeholder="Enter your email"
          type="email"
          value="imbikj"
        />
        <div
          className="div-contaier"
        >
          <Link
            className="btn btn-cancel"
            to="/login"
          >
            Cancel
          </Link>
          <button
            className="btn  waves-effect waves-light btn-send"
            onClick={[Function]}
          >
            Send
          </button>
        </div>
      </div>
    </div>
  </div>
</div>
`;
