// Jest Snapshot v1, https://goo.gl/fbAQLP

exports[`*************** Testing the SideContainer  component *************** Should render the SideContainer page correctly 1`] = `
<div
  className="sideContainer"
>
  <div
    className="background"
    style={
      Object {
        "backgroundImage": "url([object Object])",
      }
    }
  />
  <div
    className="content"
  >
    <h2>
      Welcome to BR
    </h2>
    signup here
  </div>
</div>
`;
