// Jest Snapshot v1, https://goo.gl/fbAQLP

exports[`Test <Sidebar/> Component Should render Mobile Sidebar correctly 1`] = `
<div>
  <div
    className="sidenav"
    id="slide-out"
  >
    <_default />
  </div>
</div>
`;

exports[`Test <Sidebar/> Component Should render Side Initializer correctly 1`] = `""`;

exports[`Test <Sidebar/> Component Should render Sidemenu correctly 1`] = `
<div
  className="sideMenuContainer"
>
  <div
    className="profile"
  >
    <img
      src={
        Object {
          "process": [Function],
        }
      }
    />
     
    <a
      className="btn-floating btn-small halfway-fab waves-effect waves-light blue lighten-5"
    >
      <i
        className="large material-icons indigo-text darken-4"
      >
        mode_edit
      </i>
    </a>
  </div>
  <div
    className="menu"
  >
    <Link
      className="menuItem black-text sidenav-close"
      to="/dashboard"
    >
      <h6>
        Dashboard
      </h6>
      <i
        className="material-icons"
      >
        pie_chart
      </i>
    </Link>
    <Link
      className="menuItem black-text sidenav-close"
      to="/trips/oneway"
    >
      <h6>
        Make trip request
      </h6>
      <i
        className="material-icons"
      >
        airplanemode_active
      </i>
    </Link>
    <Link
      className="menuItem black-text sidenav-close"
      to="/viewtrips/accepted"
    >
      <h6>
        My Trips
      </h6>
      <i
        className="material-icons"
      >
        card_travel
      </i>
    </Link>
  </div>
</div>
`;
